INFO,Parsed successfully. All blocks: 2
INFO,Identified successfully.
ERROR,include file not found: /home/nmp/work/med/repo/asciidoctor-idgen/target/approve/smth-not-existing
INFO,Converted successfully.