INFO,Parsed successfully. All blocks: 3
INFO,Identified successfully.
Info,Converted to html successfuuly
INFO,Converted successfully.