[#some-id]
.Наименование
Некоторый абзац

[[paragraph_FFFFFF]]
Ссылка: <<some-id>>
