[[paragraph_FFFFFF]]
Some paragraph

[[paragraph_FFFFFF]]
include::smth-not-existing[]
