= Asciidoc

[[section_FFFFFF]]
== Some section

[[paragraph_FFFFFF]]
Some paragraph
