[[paragraph_FFFFFF]]
Some paragraph

* [[list_item_FFFFFF]]item 1
* [[list_item_FFFFFF]]item 2
