INFO,Parsed successfully. All blocks: 8
INFO,Identified successfully.
INFO,Converted successfully.