<div id="content">
 <div class="sect1">
  <h2 id="section_FFFFFF">Some section</h2>
  <div class="sectionbody">
   <div id="paragraph_FFFFFF" class="paragraph">
    <p>Some paragraph</p>
   </div>
  </div>
 </div>
</div>